10 25 1 26 1 27 8 11 13 26 14 10 25 1 28 1 29 8 22 13 26 14 13 30 14 10 -1 -9 5 -15 1