10 15 9 15 18 2 15 8 12 13 17 14 13 16 14 10 1 -1 0