10 27 4 29 1 30 8 11 13 26 14 10 27 4 28 2 30 8 22 13 26 14 13 25 14 1 -1 10 2 -2 5