12 14 10 14 2 15 8 11 13 16 14 13 17 14 0 10 -1 1
