10 18 6 7 13 18 14 10 17 6 14 13 17 14 13 18 14 1 -1
