10 17 7 7 13 18 14 10 18 7 14 13 17 14 13 18 14 1 -1