10 25 3 30 1 27 8 11 13 32 14 10 25 3 26 1 28 8 22 13 32 14 13 31 14 10 5 50 -50 -10 -5 1 -1