10 16 11 17 10 17 2 16 8 13 13 19 14 13 18 14 -3 0 1 -1