10 25 2 27 2 26 8 11 13 27 14 10 29 2 25 2 30 8 22 13 27 14 13 31 14 10 11 -1 -9 5 -5 1